Info: Starting: Create block symbol file (.bsf)
Info: qsys-generate /home/laa8390/Documents/CE392/CE392-Assignments/full_projects/quartus/D8M/DE10_Nano_D8M_DDR3/soc_system.qsys --block-symbol-file --output-directory=/home/laa8390/Documents/CE392/CE392-Assignments/full_projects/quartus/D8M/DE10_Nano_D8M_DDR3/soc_system --family="Cyclone V" --part=5CSEBA6U23I7
Progress: Loading DE10_Nano_D8M_DDR3/soc_system.qsys
Progress: Reading input file
Progress: Adding TERASIC_CAMERA_0 [TERASIC_CAMERA 1.0]
Progress: Parameterizing module TERASIC_CAMERA_0
Progress: Adding alt_vip_cl_vfb_0 [alt_vip_cl_vfb 23.1]
Progress: Parameterizing module alt_vip_cl_vfb_0
Progress: Adding alt_vip_itc_0 [alt_vip_itc 14.0]
Progress: Parameterizing module alt_vip_itc_0
Progress: Adding clk_50 [clock_source 23.1]
Progress: Parameterizing module clk_50
Progress: Adding hps_ddr3 [terasic_hps_ddr3 1.0]
Progress: Reading input file
Progress: Adding address_span_extender_0 [altera_address_span_extender 16.0]
Warning: address_span_extender_0: Used altera_address_span_extender 23.1 (instead of 16.0)
Progress: Parameterizing module address_span_extender_0
Progress: Adding clk_50 [clock_source 16.0]
Warning: clk_50: Used clock_source 23.1 (instead of 16.0)
Progress: Parameterizing module clk_50
Progress: Adding clock_bridge_0 [altera_clock_bridge 16.0]
Warning: clock_bridge_0: Used altera_clock_bridge 23.1 (instead of 16.0)
Progress: Parameterizing module clock_bridge_0
Progress: Adding hps [altera_hps 16.0]
Warning: hps: Used altera_hps 23.1 (instead of 16.0)
Progress: Parameterizing module hps
Progress: Adding hps_reset_manager_0 [hps_reset_manager 1.0]
Progress: Parameterizing module hps_reset_manager_0
Progress: Building connections
Progress: Parameterizing connections
Progress: Validating
Progress: Done reading input file
Progress: Parameterizing module hps_ddr3
Progress: Adding pll_0 [altera_pll 23.1]
Progress: Parameterizing module pll_0
Progress: Adding pll_1 [altera_pll 23.1]
Progress: Parameterizing module pll_1
Progress: Adding rgb2gray [user_algorithm 1.0]
Progress: Parameterizing module rgb2gray
Progress: Building connections
Progress: Parameterizing connections
Progress: Validating
Progress: Done reading input file
Info: soc_system.alt_vip_cl_vfb_0: Buffer 3 frames, storage required is 18228 kB (0x00000000 to 0x011cd000)
Info: soc_system.hps_ddr3.hps: HPS Main PLL counter settings: n = 0  m = 63
Info: soc_system.hps_ddr3.hps: HPS peripherial PLL counter settings: n = 0  m = 39
Info: soc_system.pll_0: The legal reference clock frequency is 5.0 MHz..700.0 MHz
Info: soc_system.pll_0: Able to implement PLL with user settings
Info: soc_system.pll_1: The legal reference clock frequency is 50.0 MHz..700.0 MHz
Info: soc_system.pll_1: Able to implement PLL with user settings
Info: qsys-generate succeeded.
Info: Finished: Create block symbol file (.bsf)
Info: 
Info: Starting: Create HDL design files for synthesis
Info: qsys-generate /home/laa8390/Documents/CE392/CE392-Assignments/full_projects/quartus/D8M/DE10_Nano_D8M_DDR3/soc_system.qsys --synthesis=VERILOG --output-directory=/home/laa8390/Documents/CE392/CE392-Assignments/full_projects/quartus/D8M/DE10_Nano_D8M_DDR3/soc_system/synthesis --family="Cyclone V" --part=5CSEBA6U23I7
Progress: Loading DE10_Nano_D8M_DDR3/soc_system.qsys
Progress: Reading input file
Progress: Adding TERASIC_CAMERA_0 [TERASIC_CAMERA 1.0]
Progress: Parameterizing module TERASIC_CAMERA_0
Progress: Adding alt_vip_cl_vfb_0 [alt_vip_cl_vfb 23.1]
Progress: Parameterizing module alt_vip_cl_vfb_0
Progress: Adding alt_vip_itc_0 [alt_vip_itc 14.0]
Progress: Parameterizing module alt_vip_itc_0
Progress: Adding clk_50 [clock_source 23.1]
Progress: Parameterizing module clk_50
Progress: Adding hps_ddr3 [terasic_hps_ddr3 1.0]
Progress: Parameterizing module hps_ddr3
Progress: Adding pll_0 [altera_pll 23.1]
Progress: Parameterizing module pll_0
Progress: Adding pll_1 [altera_pll 23.1]
Progress: Parameterizing module pll_1
Progress: Adding rgb2gray [user_algorithm 1.0]
Progress: Parameterizing module rgb2gray
Progress: Building connections
Progress: Parameterizing connections
Progress: Validating
Progress: Done reading input file
Info: soc_system.alt_vip_cl_vfb_0: Buffer 3 frames, storage required is 18228 kB (0x00000000 to 0x011cd000)
Info: soc_system.hps_ddr3.hps: HPS Main PLL counter settings: n = 0  m = 63
Info: soc_system.hps_ddr3.hps: HPS peripherial PLL counter settings: n = 0  m = 39
Info: soc_system.pll_0: The legal reference clock frequency is 5.0 MHz..700.0 MHz
Info: soc_system.pll_0: Able to implement PLL with user settings
Info: soc_system.pll_1: The legal reference clock frequency is 50.0 MHz..700.0 MHz
Info: soc_system.pll_1: Able to implement PLL with user settings
Info: soc_system: Generating soc_system "soc_system" for QUARTUS_SYNTH
Info: TERASIC_CAMERA_0: "soc_system" instantiated TERASIC_CAMERA "TERASIC_CAMERA_0"
Info: alt_vip_cl_vfb_0: "soc_system" instantiated alt_vip_cl_vfb "alt_vip_cl_vfb_0"
Info: alt_vip_itc_0: "soc_system" instantiated alt_vip_itc "alt_vip_itc_0"
Info: Interconnect is inserted between master address_span_extender_0.expanded_master and slave hps.f2h_sdram0_data because the master has address signal 32 bit wide, but the slave is 28 bit wide.
Info: Interconnect is inserted between master address_span_extender_0.expanded_master and slave hps.f2h_sdram0_data because the master has burstcount signal 9 bit wide, but the slave is 8 bit wide.
Info: hps_ddr3: "soc_system" instantiated terasic_hps_ddr3 "hps_ddr3"
Info: pll_0: "soc_system" instantiated altera_pll "pll_0"
Info: pll_1: "soc_system" instantiated altera_pll "pll_1"
Info: rgb2gray: "soc_system" instantiated user_algorithm "rgb2gray"
Info: avalon_st_adapter: Inserting error_adapter: error_adapter_0
Info: mm_interconnect_0: "soc_system" instantiated altera_mm_interconnect "mm_interconnect_0"
Info: rst_controller: "soc_system" instantiated altera_reset_controller "rst_controller"
Info: video_in: "alt_vip_cl_vfb_0" instantiated alt_vip_video_input_bridge "video_in"
Info: wr_ctrl: "alt_vip_cl_vfb_0" instantiated alt_vip_vfb_wr_ctrl "wr_ctrl"
Info: pkt_trans_wr: "alt_vip_cl_vfb_0" instantiated alt_vip_packet_transfer "pkt_trans_wr"
Info: Reusing file /home/laa8390/Documents/CE392/CE392-Assignments/full_projects/quartus/D8M/DE10_Nano_D8M_DDR3/soc_system/synthesis/submodules/common/alt_vip_common_pkg.sv
Info: Reusing file /home/laa8390/Documents/CE392/CE392-Assignments/full_projects/quartus/D8M/DE10_Nano_D8M_DDR3/soc_system/synthesis/submodules/modules/alt_vip_common_event_packet_decode/src_hdl/alt_vip_common_event_packet_decode.sv
Info: Reusing file /home/laa8390/Documents/CE392/CE392-Assignments/full_projects/quartus/D8M/DE10_Nano_D8M_DDR3/soc_system/synthesis/submodules/modules/alt_vip_common_event_packet_encode/src_hdl/alt_vip_common_event_packet_encode.sv
Info: rd_ctrl: "alt_vip_cl_vfb_0" instantiated alt_vip_vfb_rd_ctrl "rd_ctrl"
Info: Reusing file /home/laa8390/Documents/CE392/CE392-Assignments/full_projects/quartus/D8M/DE10_Nano_D8M_DDR3/soc_system/synthesis/submodules/common/alt_vip_common_pkg.sv
Info: Reusing file /home/laa8390/Documents/CE392/CE392-Assignments/full_projects/quartus/D8M/DE10_Nano_D8M_DDR3/soc_system/synthesis/submodules/modules/alt_vip_common_event_packet_decode/src_hdl/alt_vip_common_event_packet_decode.sv
Info: Reusing file /home/laa8390/Documents/CE392/CE392-Assignments/full_projects/quartus/D8M/DE10_Nano_D8M_DDR3/soc_system/synthesis/submodules/modules/alt_vip_common_event_packet_encode/src_hdl/alt_vip_common_event_packet_encode.sv
Info: video_out: "alt_vip_cl_vfb_0" instantiated alt_vip_video_output_bridge "video_out"
Info: Reusing file /home/laa8390/Documents/CE392/CE392-Assignments/full_projects/quartus/D8M/DE10_Nano_D8M_DDR3/soc_system/synthesis/submodules/common/alt_vip_common_pkg.sv
Info: Reusing file /home/laa8390/Documents/CE392/CE392-Assignments/full_projects/quartus/D8M/DE10_Nano_D8M_DDR3/soc_system/synthesis/submodules/modules/alt_vip_common_event_packet_decode/src_hdl/alt_vip_common_event_packet_decode.sv
Info: Reusing file /home/laa8390/Documents/CE392/CE392-Assignments/full_projects/quartus/D8M/DE10_Nano_D8M_DDR3/soc_system/synthesis/submodules/modules/alt_vip_common_event_packet_encode/src_hdl/alt_vip_common_event_packet_encode.sv
Info: sync_ctrl: "alt_vip_cl_vfb_0" instantiated alt_vip_vfb_sync_ctrl "sync_ctrl"
Info: Reusing file /home/laa8390/Documents/CE392/CE392-Assignments/full_projects/quartus/D8M/DE10_Nano_D8M_DDR3/soc_system/synthesis/submodules/common/alt_vip_common_pkg.sv
Info: Reusing file /home/laa8390/Documents/CE392/CE392-Assignments/full_projects/quartus/D8M/DE10_Nano_D8M_DDR3/soc_system/synthesis/submodules/modules/alt_vip_common_event_packet_decode/src_hdl/alt_vip_common_event_packet_decode.sv
Info: Reusing file /home/laa8390/Documents/CE392/CE392-Assignments/full_projects/quartus/D8M/DE10_Nano_D8M_DDR3/soc_system/synthesis/submodules/modules/alt_vip_common_event_packet_encode/src_hdl/alt_vip_common_event_packet_encode.sv
Info: address_span_extender_0: "hps_ddr3" instantiated altera_address_span_extender "address_span_extender_0"
Info: hps: "Running  for module: hps"
Info: hps: HPS Main PLL counter settings: n = 0  m = 63
Info: hps: HPS peripherial PLL counter settings: n = 0  m = 39
Info: hps: "hps_ddr3" instantiated altera_hps "hps"
Info: hps_reset_manager_0: "hps_ddr3" instantiated hps_reset_manager "hps_reset_manager_0"
Info: avalon_st_adapter: Inserting error_adapter: error_adapter_0
Info: mm_interconnect_0: "hps_ddr3" instantiated altera_mm_interconnect "mm_interconnect_0"
Info: alt_vip_cl_vfb_0_mem_master_rd_translator: "mm_interconnect_0" instantiated altera_merlin_master_translator "alt_vip_cl_vfb_0_mem_master_rd_translator"
Info: hps_ddr3_hps_f2h_sdram0_data_translator: "mm_interconnect_0" instantiated altera_merlin_slave_translator "hps_ddr3_hps_f2h_sdram0_data_translator"
Info: alt_vip_cl_vfb_0_mem_master_rd_agent: "mm_interconnect_0" instantiated altera_merlin_master_agent "alt_vip_cl_vfb_0_mem_master_rd_agent"
Info: hps_ddr3_hps_f2h_sdram0_data_agent: "mm_interconnect_0" instantiated altera_merlin_slave_agent "hps_ddr3_hps_f2h_sdram0_data_agent"
Info: hps_ddr3_hps_f2h_sdram0_data_agent_rsp_fifo: "mm_interconnect_0" instantiated altera_avalon_sc_fifo "hps_ddr3_hps_f2h_sdram0_data_agent_rsp_fifo"
Info: router: "mm_interconnect_0" instantiated altera_merlin_router "router"
Info: router_002: "mm_interconnect_0" instantiated altera_merlin_router "router_002"
Info: cmd_demux: "mm_interconnect_0" instantiated altera_merlin_demultiplexer "cmd_demux"
Info: cmd_mux: "mm_interconnect_0" instantiated altera_merlin_multiplexer "cmd_mux"
Info: rsp_demux: "mm_interconnect_0" instantiated altera_merlin_demultiplexer "rsp_demux"
Info: rsp_mux: "mm_interconnect_0" instantiated altera_merlin_multiplexer "rsp_mux"
Info: Reusing file /home/laa8390/Documents/CE392/CE392-Assignments/full_projects/quartus/D8M/DE10_Nano_D8M_DDR3/soc_system/synthesis/submodules/altera_merlin_arbitrator.sv
Info: avalon_st_adapter: "mm_interconnect_0" instantiated altera_avalon_st_adapter "avalon_st_adapter"
Info: vid_front: "video_in" instantiated alt_vip_video_input_bridge_resp "vid_front"
Info: Reusing file /home/laa8390/Documents/CE392/CE392-Assignments/full_projects/quartus/D8M/DE10_Nano_D8M_DDR3/soc_system/synthesis/submodules/common/alt_vip_common_pkg.sv
Info: Reusing file /home/laa8390/Documents/CE392/CE392-Assignments/full_projects/quartus/D8M/DE10_Nano_D8M_DDR3/soc_system/synthesis/submodules/modules/alt_vip_common_event_packet_decode/src_hdl/alt_vip_common_event_packet_decode.sv
Info: Reusing file /home/laa8390/Documents/CE392/CE392-Assignments/full_projects/quartus/D8M/DE10_Nano_D8M_DDR3/soc_system/synthesis/submodules/modules/alt_vip_common_event_packet_encode/src_hdl/alt_vip_common_event_packet_encode.sv
Info: vid_back: "video_in" instantiated alt_vip_video_input_bridge_cmd "vid_back"
Info: Reusing file /home/laa8390/Documents/CE392/CE392-Assignments/full_projects/quartus/D8M/DE10_Nano_D8M_DDR3/soc_system/synthesis/submodules/common/alt_vip_common_pkg.sv
Info: Reusing file /home/laa8390/Documents/CE392/CE392-Assignments/full_projects/quartus/D8M/DE10_Nano_D8M_DDR3/soc_system/synthesis/submodules/modules/alt_vip_common_event_packet_decode/src_hdl/alt_vip_common_event_packet_decode.sv
Info: Reusing file /home/laa8390/Documents/CE392/CE392-Assignments/full_projects/quartus/D8M/DE10_Nano_D8M_DDR3/soc_system/synthesis/submodules/modules/alt_vip_common_event_packet_encode/src_hdl/alt_vip_common_event_packet_encode.sv
Info: fpga_interfaces: "hps" instantiated altera_interface_generator "fpga_interfaces"
Info: hps_io: "hps" instantiated altera_hps_io "hps_io"
Info: router: "mm_interconnect_0" instantiated altera_merlin_router "router"
Info: router_001: "mm_interconnect_0" instantiated altera_merlin_router "router_001"
Info: hps_f2h_sdram0_data_burst_adapter: "mm_interconnect_0" instantiated altera_merlin_burst_adapter "hps_f2h_sdram0_data_burst_adapter"
Info: cmd_demux: "mm_interconnect_0" instantiated altera_merlin_demultiplexer "cmd_demux"
Info: cmd_mux: "mm_interconnect_0" instantiated altera_merlin_multiplexer "cmd_mux"
Info: Reusing file /home/laa8390/Documents/CE392/CE392-Assignments/full_projects/quartus/D8M/DE10_Nano_D8M_DDR3/soc_system/synthesis/submodules/altera_merlin_arbitrator.sv
Info: rsp_mux: "mm_interconnect_0" instantiated altera_merlin_multiplexer "rsp_mux"
Info: Reusing file /home/laa8390/Documents/CE392/CE392-Assignments/full_projects/quartus/D8M/DE10_Nano_D8M_DDR3/soc_system/synthesis/submodules/altera_merlin_arbitrator.sv
Info: error_adapter_0: "avalon_st_adapter" instantiated error_adapter "error_adapter_0"
Info: border: "hps_io" instantiated altera_interface_generator "border"
Info: soc_system: Done "soc_system" with 44 modules, 158 files
Info: qsys-generate succeeded.
Info: Finished: Create HDL design files for synthesis
